// Jest Snapshot v1, https://goo.gl/fbAQLP

exports[`<App /> Test Snapshot 1`] = `ShallowWrapper {}`;
